################################################################################
#                                                                              #
#      IAR Universal Linker V6.5.4.100                                         #
#                                                                              #
#           Link time     =  27/Jul/2019  19:18:11                             #
#           Target CPU    =  MSP430                                            #
#           List file     =  C:\Users\brayd\Documents\PLC\Debug\List\blink_tes #
#                            t.map                                             #
#           Output file 1 =  C:\Users\brayd\Documents\PLC\Debug\Exe\blink_test #
#                            .d43                                              #
#                            Format: ubrof10                                   #
#                            UBROF version 10.0.6                              #
#                            Using library modules for C-SPY (-rt)             #
#           Command line  =  -f C:\Users\brayd\AppData\Local\Temp\EW5A68.tmp   #
#                            (C:\Users\brayd\Documents\PLC\Debug\Obj\main.r43  #
#                            -o                                                #
#                            C:\Users\brayd\Documents\PLC\Debug\Exe\blink_test #
#                            .d43                                              #
#                            -l                                                #
#                            C:\Users\brayd\Documents\PLC\Debug\List\blink_tes #
#                            t.map                                             #
#                            -xms                                              #
#                            "-IC:\Program Files (x86)\IAR Systems\Embedded Wo #
#                            rkbench 8.0\430\LIB\"                             #
#                            -f                                                #
#                            "C:\Program Files (x86)\IAR Systems\Embedded Work #
#                            bench 8.0\430\config\linker\lnk430g2553.xcl"      #
#                            (-cmsp430 -QCODE_I=CODE_ID -QTLS16_I=TLS16_ID     #
#                            -Z(CONST)INFO=1000-10FF                           #
#                            -Z(CONST)INFOA=10C0-10FF                          #
#                            -Z(CONST)INFOB=1080-10BF                          #
#                            -Z(CONST)INFOC=1040-107F                          #
#                            -Z(CONST)INFOD=1000-103F                          #
#                            -Z(DATA)DATA16_I,DATA16_Z,DATA16_N,TLS16_I=0200-0 #
#                            3FF                                               #
#                            -Z(DATA)DATA16_HEAP+_DATA16_HEAP_SIZE             #
#                            -Z(DATA)CODE_I -Z(DATA)CSTACK+_STACK_SIZE#        #
#                            -Z(CONST)DATA16_C,DATA16_ID,TLS16_ID,DIFUNCT,CHEC #
#                            KSUM=C000-FFDD                                    #
#                            -Z(CODE)CSTART,ISR_CODE,CODE_ID=C000-FFDD         #
#                            -P(CODE)CODE=C000-FFDD                            #
#                            -Z(CONST)SIGNATURE=FFDE-FFDF                      #
#                            -Z(CODE)INTVEC=FFE0-FFFF                          #
#                            -Z(CODE)RESET=FFFE-FFFF) -D_STACK_SIZE=50 -rt     #
#                            "C:\Program Files (x86)\IAR Systems\Embedded Work #
#                            bench 8.0\430\lib\dlib\dl430fn.r43"               #
#                            -e_PrintfLarge=_Printf -e_ScanfLarge=_Scanf       #
#                            -D_DATA16_HEAP_SIZE=50 -s __program_start         #
#                            -D_DATA20_HEAP_SIZE=50)                           #
#                                                                              #
#                           Copyright (C) 1987-2018 IAR Systems AB.            #
################################################################################





                ****************************************
                *                                      *
                *           CROSS REFERENCE            *
                *                                      *
                ****************************************

       Program entry at :           C05E  Relocatable, from module : ?cstart




                ****************************************
                *                                      *
                *            RUNTIME MODEL             *
                *                                      *
                ****************************************

  __Heap_Handler             = Basic
  __SystemLibrary            = DLib
  __core                     = 430
  __dlib_file_descriptor     = 0
  __dlib_full_locale_support = 0
  __double_size              = 32
  __pic                      = no
  __reg_r4                   = free
  __reg_r5                   = free
  __rt_version               = 3

                ****************************************
                *                                      *
                *    AUTOMATIC SYMBOL REDIRECTIONS     *
                *                                      *
                ****************************************

                  There are no automatic symbol redirections.



                ****************************************
                *                                      *
                *              MODULE MAP              *
                *                                      *
                ****************************************


  DEFINED ABSOLUTE ENTRIES
    *************************************************************************

  DEFINED ABSOLUTE ENTRIES
  PROGRAM MODULE, NAME : ?ABS_ENTRY_MOD

Absolute parts
           ENTRY                   ADDRESS         REF BY
           =====                   =======         ======
           _DATA20_HEAP_SIZE       0050 
           _DATA16_HEAP_SIZE       0050 
           _STACK_SIZE             0050 
    *************************************************************************

  FILE NAME : C:\Users\brayd\Documents\PLC\Debug\Obj\main.r43
  PROGRAM MODULE, NAME : main

  SEGMENTS IN THE MODULE
  ======================
DATA16_AN
  Relative segment, address: 0020 - 0020 (0x1 bytes), align: 0
  Segment part 1. ROOT        Intra module refs:   ST7540_setup()
                                                   main
                                                   spiConfig()
           ENTRY                   ADDRESS         REF BY
           =====                   =======         ======
           P1IN                    0020 
    -------------------------------------------------------------------------
DATA16_AN
  Relative segment, address: 0021 - 0021 (0x1 bytes), align: 0
  Segment part 2. ROOT        Intra module refs:   main
           ENTRY                   ADDRESS         REF BY
           =====                   =======         ======
           P1OUT                   0021 
    -------------------------------------------------------------------------
DATA16_AN
  Relative segment, address: 0022 - 0022 (0x1 bytes), align: 0
  Segment part 3. ROOT        Intra module refs:   pinConfig()
           ENTRY                   ADDRESS         REF BY
           =====                   =======         ======
           P1DIR                   0022 
    -------------------------------------------------------------------------
DATA16_AN
  Relative segment, address: 0026 - 0026 (0x1 bytes), align: 0
  Segment part 4. ROOT        Intra module refs:   spiConfig()
           ENTRY                   ADDRESS         REF BY
           =====                   =======         ======
           P1SEL                   0026 
    -------------------------------------------------------------------------
DATA16_AN
  Relative segment, address: 0041 - 0041 (0x1 bytes), align: 0
  Segment part 5. ROOT        Intra module refs:   spiConfig()
           ENTRY                   ADDRESS         REF BY
           =====                   =======         ======
           P1SEL2                  0041 
    -------------------------------------------------------------------------
DATA16_AN
  Relative segment, address: 0027 - 0027 (0x1 bytes), align: 0
  Segment part 6. ROOT        Intra module refs:   pinConfig()
           ENTRY                   ADDRESS         REF BY
           =====                   =======         ======
           P1REN                   0027 
    -------------------------------------------------------------------------
DATA16_AN
  Relative segment, address: 0029 - 0029 (0x1 bytes), align: 0
  Segment part 7. ROOT        Intra module refs:   ST7540_setup()
                                                   Timer_A_CCR0_ISR()
                                                   main
           ENTRY                   ADDRESS         REF BY
           =====                   =======         ======
           P2OUT                   0029 
    -------------------------------------------------------------------------
DATA16_AN
  Relative segment, address: 002A - 002A (0x1 bytes), align: 0
  Segment part 8. ROOT        Intra module refs:   pinConfig()
           ENTRY                   ADDRESS         REF BY
           =====                   =======         ======
           P2DIR                   002A 
    -------------------------------------------------------------------------
DATA16_AN
  Relative segment, address: 0160 - 0161 (0x2 bytes), align: 0
  Segment part 9. ROOT        Intra module refs:   TimerConfig()
           ENTRY                   ADDRESS         REF BY
           =====                   =======         ======
           TA0CTL                  0160 
    -------------------------------------------------------------------------
DATA16_AN
  Relative segment, address: 0162 - 0163 (0x2 bytes), align: 0
  Segment part 10. ROOT       Intra module refs:   TimerConfig()
           ENTRY                   ADDRESS         REF BY
           =====                   =======         ======
           TA0CCTL0                0162 
    -------------------------------------------------------------------------
DATA16_AN
  Relative segment, address: 0172 - 0173 (0x2 bytes), align: 0
  Segment part 11. ROOT       Intra module refs:   TimerConfig()
                                                   Timer_A_CCR0_ISR()
                                                   main
           ENTRY                   ADDRESS         REF BY
           =====                   =======         ======
           TA0CCR0                 0172 
    -------------------------------------------------------------------------
DATA16_AN
  Relative segment, address: 0060 - 0060 (0x1 bytes), align: 0
  Segment part 12. ROOT       Intra module refs:   spiConfig()
           ENTRY                   ADDRESS         REF BY
           =====                   =======         ======
           UCA0CTL0                0060 
    -------------------------------------------------------------------------
DATA16_AN
  Relative segment, address: 0061 - 0061 (0x1 bytes), align: 0
  Segment part 13. ROOT       Intra module refs:   spiConfig()
           ENTRY                   ADDRESS         REF BY
           =====                   =======         ======
           UCA0CTL1                0061 
    -------------------------------------------------------------------------
DATA16_AN
  Relative segment, address: 0066 - 0066 (0x1 bytes), align: 0
  Segment part 14. ROOT       Intra module refs:   spi_receive(uint8_t)
           ENTRY                   ADDRESS         REF BY
           =====                   =======         ======
           UCA0RXBUF               0066 
    -------------------------------------------------------------------------
DATA16_AN
  Relative segment, address: 0067 - 0067 (0x1 bytes), align: 0
  Segment part 15. ROOT       Intra module refs:   spi_transmit(uint8_t)
           ENTRY                   ADDRESS         REF BY
           =====                   =======         ======
           UCA0TXBUF               0067 
    -------------------------------------------------------------------------
DATA16_AN
  Relative segment, address: 0120 - 0121 (0x2 bytes), align: 0
  Segment part 16. ROOT       Intra module refs:   main
           ENTRY                   ADDRESS         REF BY
           =====                   =======         ======
           WDTCTL                  0120 
    -------------------------------------------------------------------------
<CODE> 1 (was CODE)
  Relative segment, address: CC3C - CC3F (0x4 bytes), align: 1
  Segment part 28.            Intra module refs:   main
           ENTRY                   ADDRESS         REF BY
           =====                   =======         ======
           operator<<(ostream &, unsigned char)
                                   CC3C 
               calls direct
    -------------------------------------------------------------------------
DATA16_Z
  Relative segment, address: 027C - 027C (0x1 bytes), align: 0
  Segment part 24.            Intra module refs:   main
           ENTRY                   ADDRESS         REF BY
           =====                   =======         ======
           rData1                  027C 
    -------------------------------------------------------------------------
DATA16_Z
  Relative segment, address: 027D - 027D (0x1 bytes), align: 0
  Segment part 25.            Intra module refs:   main
           ENTRY                   ADDRESS         REF BY
           =====                   =======         ======
           rData2                  027D 
    -------------------------------------------------------------------------
DATA16_Z
  Relative segment, address: 027E - 027E (0x1 bytes), align: 0
  Segment part 26.            Intra module refs:   main
           ENTRY                   ADDRESS         REF BY
           =====                   =======         ======
           rData3                  027E 
    -------------------------------------------------------------------------
DATA16_Z
  Relative segment, address: 0202 - 0203 (0x2 bytes), align: 1
  Segment part 27.            Intra module refs:   main
           ENTRY                   ADDRESS         REF BY
           =====                   =======         ======
           state                   0202 
    -------------------------------------------------------------------------
<CODE> 1 (was CODE)
  Relative segment, address: CB12 - CB23 (0x12 bytes), align: 1
  Segment part 29.            Intra module refs:   main
           ENTRY                   ADDRESS         REF BY
           =====                   =======         ======
           pinConfig()             CB12 
    -------------------------------------------------------------------------
<CODE> 1 (was CODE)
  Relative segment, address: CAEC - CAFF (0x14 bytes), align: 1
  Segment part 30.            Intra module refs:   main
           ENTRY                   ADDRESS         REF BY
           =====                   =======         ======
           TimerConfig()           CAEC 
    -------------------------------------------------------------------------
<CODE> 1 (was CODE)
  Relative segment, address: C93A - C95F (0x26 bytes), align: 1
  Segment part 31.            Intra module refs:   main
           ENTRY                   ADDRESS         REF BY
           =====                   =======         ======
           spiConfig()             C93A 
    -------------------------------------------------------------------------
<CODE> 1 (was CODE)
  Relative segment, address: CBFA - CBFF (0x6 bytes), align: 1
  Segment part 32.            Intra module refs:   ST7540_setup()
                                                   main
           ENTRY                   ADDRESS         REF BY
           =====                   =======         ======
           spi_transmit(uint8_t)   CBFA 
    -------------------------------------------------------------------------
<CODE> 1 (was CODE)
  Relative segment, address: CC12 - CC17 (0x6 bytes), align: 1
  Segment part 33.            Intra module refs:   main
           ENTRY                   ADDRESS         REF BY
           =====                   =======         ======
           spi_receive(uint8_t)    CC12 
    -------------------------------------------------------------------------
<CODE> 1 (was CODE)
  Relative segment, address: C796 - C7C7 (0x32 bytes), align: 1
  Segment part 34.            Intra module refs:   main
           ENTRY                   ADDRESS         REF BY
           =====                   =======         ======
           ST7540_setup()          C796 
               calls direct
    -------------------------------------------------------------------------
<CODE> 1 (was CODE)
  Relative segment, address: C092 - C173 (0xe2 bytes), align: 1
  Segment part 35.
           ENTRY                   ADDRESS         REF BY
           =====                   =======         ======
           main                    C092            Segment part 19 (?cstart)
               calls direct
    -------------------------------------------------------------------------
<CODE> 1 (was CODE)
  Relative segment, address: CBE8 - CBF1 (0xa bytes), align: 1
  Segment part 36.            Intra module refs:   Timer_A_CCR0_ISR()::??INTVEC 18
           ENTRY                   ADDRESS         REF BY
           =====                   =======         ======
           Timer_A_CCR0_ISR()      CBE8 
               interrupt function
    -------------------------------------------------------------------------
INTVEC
  Common segment, address: FFE0 - FFF3 (0x14 bytes), align: 1
  Segment part 17. ROOT 
           ENTRY                   ADDRESS         REF BY
           =====                   =======         ======
           Timer_A_CCR0_ISR()::??INTVEC 18
                                   FFF2 

    *************************************************************************

  FILE NAME : C:\Program Files (x86)\IAR Systems\Embedded Workbench 8.0\430\lib\dlib\dl430fn.r43
  LIBRARY MODULE, NAME : ?abort

  SEGMENTS IN THE MODULE
  ======================
<CODE> 1 (was CODE)
  Relative segment, address: CB46 - CB55 (0x10 bytes), align: 1
  Segment part 2.
           ENTRY                   ADDRESS         REF BY
           =====                   =======         ======
           abort                   CB46            _Nomemory() (?nomemory)
                                                   __record_needed_destruction (?cppinit)
               calls direct

    -------------------------------------------------------------------------
  LIBRARY MODULE, NAME : ?__dbg_break

  SEGMENTS IN THE MODULE
  ======================
<CODE> 1 (was CODE)
  Relative segment, address: CC48 - CC49 (0x2 bytes), align: 1
  Segment part 2.
           ENTRY                   ADDRESS         REF BY
           =====                   =======         ======
           __DebugBreak            CC48            __dwrite (?__dwrite)
                                                   __exit (?__exit)
                                                   __read (?__read)
                                                   abort (?abort)

    -------------------------------------------------------------------------
  LIBRARY MODULE, NAME : ?__dwrite

  SEGMENTS IN THE MODULE
  ======================
<CODE> 1 (was CODE)
  Relative segment, address: CA58 - CA77 (0x20 bytes), align: 1
  Segment part 2.
           ENTRY                   ADDRESS         REF BY
           =====                   =======         ======
           __dwrite                CA58            __write (?__write)
               calls direct

    -------------------------------------------------------------------------
  LIBRARY MODULE, NAME : ?__exit

  SEGMENTS IN THE MODULE
  ======================
<CODE> 1 (was CODE)
  Relative segment, address: CB24 - CB35 (0x12 bytes), align: 1
  Segment part 2.
           ENTRY                   ADDRESS         REF BY
           =====                   =======         ======
           __exit                  CB24            Segment part 6 (?_exit)
                                                   _exit (?_exit)
                                                   abort (?abort)
               calls direct

    -------------------------------------------------------------------------
  LIBRARY MODULE, NAME : ?__read

  SEGMENTS IN THE MODULE
  ======================
<CODE> 1 (was CODE)
  Relative segment, address: CA78 - CA97 (0x20 bytes), align: 1
  Segment part 2.
           ENTRY                   ADDRESS         REF BY
           =====                   =======         ======
           __read                  CA78            getchar (?getchar)
               calls direct

    -------------------------------------------------------------------------
  LIBRARY MODULE, NAME : ?__write

  SEGMENTS IN THE MODULE
  ======================
<CODE> 1 (was CODE)
  Relative segment, address: CBA4 - CBAF (0xc bytes), align: 1
  Segment part 2.
           ENTRY                   ADDRESS         REF BY
           =====                   =======         ======
           __write                 CBA4            putchar (?putchar)
               calls direct

    -------------------------------------------------------------------------
  LIBRARY MODULE, NAME : ?_exit

  SEGMENTS IN THE MODULE
  ======================
<CODE> 1 (was CODE)
  Relative segment, address: CBC8, align: 1
  Segment part 0.
           ENTRY                   ADDRESS         REF BY
           =====                   =======         ======
           _exit                   CBC8            exit (?exit)
    -------------------------------------------------------------------------
<CODE> 1 (was CODE)
  Relative segment, address: CBC8 - CBC9 (0x2 bytes), align: 1
  Segment part 1.             Intra module refs:   __cstart_call_dtors
    -------------------------------------------------------------------------
<CODE> 1 (was CODE)
  Relative segment, address: CBCA - CBCD (0x4 bytes), align: 1
  Segment part 2.
           ENTRY                   ADDRESS         REF BY
           =====                   =======         ======
           __cstart_call_dtors     CBCA            __record_needed_destruction (?cppinit)
    -------------------------------------------------------------------------
<CODE> 1 (was CODE)
  Relative segment, address: CBCE - CBCF (0x2 bytes), align: 1
  Segment part 5.             Intra module refs:   Segment part 1
    -------------------------------------------------------------------------
<CODE> 1 (was CODE)
  Relative segment, address: CBD0 - CBD3 (0x4 bytes), align: 1
  Segment part 6.             Intra module refs:   _exit

    -------------------------------------------------------------------------
  LIBRARY MODULE, NAME : ?cppinit

  SEGMENTS IN THE MODULE
  ======================
<CODE> 1 (was CODE)
  Relative segment, address: C762 - C795 (0x34 bytes), align: 1
  Segment part 3.
           ENTRY                   ADDRESS         REF BY
           =====                   =======         ======
           __call_ctors            C762            ?cstart_call_ctors (?cstart)
               calls direct and indirect
    -------------------------------------------------------------------------
DATA16_Z
  Relative segment, address: 0204 - 0205 (0x2 bytes), align: 1
  Segment part 2.             Intra module refs:   __call_dtors
                                                   __record_needed_destruction
    -------------------------------------------------------------------------
<CODE> 1 (was CODE)
  Relative segment, address: C914 - C939 (0x26 bytes), align: 1
  Segment part 4.
           ENTRY                   ADDRESS         REF BY
           =====                   =======         ======
           __record_needed_destruction
                                   C914            __sti__routine() (?iostream_cout)
               calls direct
    -------------------------------------------------------------------------
<CODE> 1 (was CODE)
  Relative segment, address: C986 - C9A9 (0x24 bytes), align: 1
  Segment part 6.
           ENTRY                   ADDRESS         REF BY
           =====                   =======         ======
           __call_dtors            C986            __cstart_call_dtors (?_exit)
               calls indirect

    -------------------------------------------------------------------------
  LIBRARY MODULE, NAME : ?cstart

  SEGMENTS IN THE MODULE
  ======================
CSTACK
  Relative segment, address: 03B0, align: 1
  Segment part 1.
    -------------------------------------------------------------------------
DATA16_Z
  Relative segment, address: 0206, align: 1
  Segment part 2.
    -------------------------------------------------------------------------
DATA16_I
  Relative segment, address: 0200, align: 1
  Segment part 3.
    -------------------------------------------------------------------------
DATA16_ID
  Relative segment, address: C058, align: 1
  Segment part 4.
    -------------------------------------------------------------------------
CSTART
  Relative segment, address: C05E - C061 (0x4 bytes), align: 1
  Segment part 9.
           ENTRY                   ADDRESS         REF BY
           =====                   =======         ======
           __program_start         C05E            ?reset_vector (?reset_vector)
                                                   Absolute parts (?ABS_ENTRY_MOD)
           ?cstart_begin           C05E 
    -------------------------------------------------------------------------
CSTART
  Relative segment, address: C062 - C06D (0xc bytes), align: 1
  Segment part 14.
           ENTRY                   ADDRESS         REF BY
           =====                   =======         ======
           ?cstart_init_zero       C062            Segment part 10 (?ios)
                                                   Segment part 11 (?iostream_cout)
                                                   Segment part 12 (?iostream_cout)
                                                   Segment part 14 (?iostream_cout)
                                                   Segment part 2 (?cppinit)
                                                   Segment part 2 (?xgetmemchunk)
                                                   Segment part 6 (?iostream_cout)
                                                   Segment part 8 (?iostream_cout)
                                                   Segment part 9 (?ios)
                                                   _Fpz (?ios)
                                                   __data16_Aldata (?xxmemxmalloc)
                                                   __iar_New_hand (?new)
                                                   cout (?iostream_cout)
                                                   fpos::_Stz (?ios)
                                                   rData1 (main)
                                                   rData2 (main)
                                                   rData3 (main)
                                                   state (main)
    -------------------------------------------------------------------------
CSTART
  Relative segment, address: C06E - C07D (0x10 bytes), align: 1
  Segment part 15.
           ENTRY                   ADDRESS         REF BY
           =====                   =======         ======
           ?cstart_init_copy       C06E            Segment part 2 (?getchar)
    -------------------------------------------------------------------------
DIFUNCT
  Relative segment, address: C05A, align: 1
  Segment part 17.
    -------------------------------------------------------------------------
CSTART
  Relative segment, address: C07E - C089 (0xc bytes), align: 1
  Segment part 18.
           ENTRY                   ADDRESS         REF BY
           =====                   =======         ======
           ?cstart_call_ctors      C07E            Segment part 15 (?iostream_cout)
    -------------------------------------------------------------------------
CSTART
  Relative segment, address: C08A - C091 (0x8 bytes), align: 1
  Segment part 19.            Intra module refs:   Segment part 9
           ENTRY                   ADDRESS         REF BY
           =====                   =======         ======
           ?cstart_call_main       C08A 
           ?cstart_end             C092 

    -------------------------------------------------------------------------
  LIBRARY MODULE, NAME : ?reset_vector

  SEGMENTS IN THE MODULE
  ======================
RESET
  Relative segment, address: FFFE - FFFF (0x2 bytes), align: 1
  Segment part 0.
           ENTRY                   ADDRESS         REF BY
           =====                   =======         ======
           ?reset_vector           FFFE            Segment part 9 (?cstart)

    -------------------------------------------------------------------------
  LIBRARY MODULE, NAME : ?delop_0

  SEGMENTS IN THE MODULE
  ======================
<CODE> 1 (was CODE)
  Relative segment, address: CBD4 - CBDD (0xa bytes), align: 1
  Segment part 2.
           ENTRY                   ADDRESS         REF BY
           =====                   =======         ======
           operator delete(void *)
                                   CBD4            __nofilebuf::~__nofilebuf() (?iostream_cout)
                                                   ios::~ios() (?iostream_cout)
                                                   ios_base::_Tidy() (?ios)
                                                   ios_base::~ios_base() (?ios)
                                                   ostream::~ostream() (?iostream_cout)
                                                   streambuf::~streambuf() (?iostream_cout)
               calls direct

    -------------------------------------------------------------------------
  LIBRARY MODULE, NAME : ?Epilogue

  SEGMENTS IN THE MODULE
  ======================
<CODE> 1 (was CODE)
  Relative segment, address: CBB0 - CBB1 (0x2 bytes), align: 1
  Segment part 3.
           ENTRY                   ADDRESS         REF BY
           =====                   =======         ======
           ?Epilogue5              CBB0            streambuf::xsgetn(char *, int) (?iostream_cout)
                                                   streambuf::xsputn(char const *, int) (?iostream_cout)
    -------------------------------------------------------------------------
<CODE> 1 (was CODE)
  Relative segment, address: CBB2 - CBB3 (0x2 bytes), align: 1
  Segment part 4.             Intra module refs:   ?Epilogue5
           ENTRY                   ADDRESS         REF BY
           =====                   =======         ======
           ?Epilogue4              CBB2            Segment part 15 (?ostream_etc)
                                                   __call_ctors (?cppinit)
    -------------------------------------------------------------------------
<CODE> 1 (was CODE)
  Relative segment, address: CBB4 - CBBB (0x8 bytes), align: 1
  Segment part 5.             Intra module refs:   ?Epilogue4
           ENTRY                   ADDRESS         REF BY
           =====                   =======         ======
           ?Epilogue3              CBB4            ios::init(_Mysb *, bool) (?iostream_cout)
                                                   ios_base::_Callfns(enum event) (?ios)
                                                   streambuf::_Init() (?iostream_cout)

    -------------------------------------------------------------------------
  LIBRARY MODULE, NAME : ?exit

  SEGMENTS IN THE MODULE
  ======================
<CODE> 1 (was CODE)
  Relative segment, address: CC20 - CC23 (0x4 bytes), align: 1
  Segment part 2.
           ENTRY                   ADDRESS         REF BY
           =====                   =======         ======
           exit                    CC20            Segment part 19 (?cstart)
               calls direct

    -------------------------------------------------------------------------
  LIBRARY MODULE, NAME : ?getchar

  SEGMENTS IN THE MODULE
  ======================
DATA16_I
  Relative segment, address: 0200 - 0201 (0x2 bytes), align: 1
  Segment part 2.             Intra module refs:   __ungetchar
                                                   getchar
    -------------------------------------------------------------------------
<CODE> 1 (was CODE)
  Relative segment, address: C8C6 - C8ED (0x28 bytes), align: 1
  Segment part 4.
           ENTRY                   ADDRESS         REF BY
           =====                   =======         ======
           getchar                 C8C6            __nofilebuf::uflow() (?iostream_cout)
               calls direct
    -------------------------------------------------------------------------
<CODE> 1 (was CODE)
  Relative segment, address: CC06 - CC0B (0x6 bytes), align: 1
  Segment part 5.
           ENTRY                   ADDRESS         REF BY
           =====                   =======         ======
           __ungetchar             CC06            __nofilebuf::pbackfail(int) (?iostream_cout)
    -------------------------------------------------------------------------
DATA16_ID
  Relative segment, address: C058 - C059 (0x2 bytes), align: 1
  Segment part 3.             Intra module refs:   Segment part 2

    -------------------------------------------------------------------------
  LIBRARY MODULE, NAME : ?ios

  SEGMENTS IN THE MODULE
  ======================
DATA16_C
  Relative segment, address: C000 - C001 (0x2 bytes), align: 1
  Segment part 2.             Intra module refs:   ios_base::~ios_base()
           ENTRY                   ADDRESS         REF BY
           =====                   =======         ======
           ios_base::__vtbl        C000            __sti__routine() (?iostream_cout)
    -------------------------------------------------------------------------
DATA16_C
  Relative segment, address: C002 - C005 (0x4 bytes), align: 1
  Segment part 3.
           ENTRY                   ADDRESS         REF BY
           =====                   =======         ======
           _BADOFF                 C002            streambuf::seekoff(long, int, int) (?iostream_cout)
                                                   streambuf::seekpos(streampos, int) (?iostream_cout)
    -------------------------------------------------------------------------
DATA16_Z
  Relative segment, address: 0206 - 020D (0x8 bytes), align: 1
  Segment part 4.
           ENTRY                   ADDRESS         REF BY
           =====                   =======         ======
           fpos::_Stz              0206            fpos::fpos(long) (?iostream_cout)
    -------------------------------------------------------------------------
DATA16_Z
  Relative segment, address: 020E - 0219 (0xc bytes), align: 1
  Segment part 5.
           ENTRY                   ADDRESS         REF BY
           =====                   =======         ======
           _Fpz                    020E            fpos::fpos(long) (?iostream_cout)
    -------------------------------------------------------------------------
DATA16_Z
  Relative segment, address: 021A - 022D (0x14 bytes), align: 1
  Segment part 9.             Intra module refs:   ios_base::_Addstd()
    -------------------------------------------------------------------------
DATA16_Z
  Relative segment, address: 027F - 0288 (0xa bytes), align: 0
  Segment part 10.            Intra module refs:   ios_base::_Addstd()
                                                   ios_base::~ios_base()
    -------------------------------------------------------------------------
<CODE> 1 (was CODE)
  Relative segment, address: CBDE - CBE7 (0xa bytes), align: 1
  Segment part 11.            Intra module refs:   ios_base::_Init()
           ENTRY                   ADDRESS         REF BY
           =====                   =======         ======
           ios_base::clear(int, bool)
                                   CBDE            ios::init(_Mysb *, bool) (?iostream_cout)
                                                   ios::setstate(int, bool) (?ostream_etc)
    -------------------------------------------------------------------------
<CODE> 1 (was CODE)
  Relative segment, address: C280 - C2B7 (0x38 bytes), align: 1
  Segment part 15.            Intra module refs:   ios_base::~ios_base()
           ENTRY                   ADDRESS         REF BY
           =====                   =======         ======
           ios_base::_Tidy()       C280 
               calls direct
    -------------------------------------------------------------------------
<CODE> 1 (was CODE)
  Relative segment, address: C2B8 - C2BD (0x6 bytes), align: 1
  Segment part 16.            Intra module refs:   ios_base::_Tidy()
                                                   ios_base::~ios_base()
    -------------------------------------------------------------------------
<CODE> 1 (was CODE)
  Relative segment, address: C2BE - C2F9 (0x3c bytes), align: 1
  Segment part 20.            Intra module refs:   ios_base::__vtbl
           ENTRY                   ADDRESS         REF BY
           =====                   =======         ======
           ios_base::~ios_base()   C2BE            ios::~ios() (?iostream_cout)
               calls direct
    -------------------------------------------------------------------------
<CODE> 1 (was CODE)
  Relative segment, address: C8EE - C913 (0x26 bytes), align: 1
  Segment part 12.            Intra module refs:   ios_base::_Tidy()
           ENTRY                   ADDRESS         REF BY
           =====                   =======         ======
           ios_base::_Callfns(enum event)
                                   C8EE 
               calls direct and indirect
    -------------------------------------------------------------------------
<CODE> 1 (was CODE)
  Relative segment, address: C7F8 - C821 (0x2a bytes), align: 1
  Segment part 21.
           ENTRY                   ADDRESS         REF BY
           =====                   =======         ======
           ios_base::_Addstd()     C7F8            ios::init(_Mysb *, bool) (?iostream_cout)
    -------------------------------------------------------------------------
<CODE> 1 (was CODE)
  Relative segment, address: C5EA - C62D (0x44 bytes), align: 1
  Segment part 22.
           ENTRY                   ADDRESS         REF BY
           =====                   =======         ======
           ios_base::_Init()       C5EA            ios::init(_Mysb *, bool) (?iostream_cout)
               calls direct

    -------------------------------------------------------------------------
  LIBRARY MODULE, NAME : ?iostream_cout

  SEGMENTS IN THE MODULE
  ======================
<CODE> 1 (was CODE)
  Relative segment, address: C728 - C761 (0x3a bytes), align: 1
  Segment part 25.            Intra module refs:   streambuf::seekoff(long, int, int)
                                                   streambuf::seekpos(streampos, int)
           ENTRY                   ADDRESS         REF BY
           =====                   =======         ======
           fpos::fpos(long)        C728 
    -------------------------------------------------------------------------
<CODE> 1 (was CODE)
  Relative segment, address: CC24 - CC27 (0x4 bytes), align: 1
  Segment part 26.            Intra module refs:   streambuf::xsgetn(char *, int)
                                                   streambuf::xsputn(char const *, int)
           ENTRY                   ADDRESS         REF BY
           =====                   =======         ======
           char_traits::copy(char *, char const *, size_t)
                                   CC24 
               calls direct
    -------------------------------------------------------------------------
<CODE> 1 (was CODE)
  Relative segment, address: C9CE - C9F1 (0x24 bytes), align: 1
  Segment part 21.            Intra module refs:   Segment part 2
                                                   __nofilebuf::~__nofilebuf()
           ENTRY                   ADDRESS         REF BY
           =====                   =======         ======
           streambuf::~streambuf()
                                   C9CE 
               calls direct
    -------------------------------------------------------------------------
<CODE> 1 (was CODE)
  Relative segment, address: CC46 - CC47 (0x2 bytes), align: 1
  Segment part 27.            Intra module refs:   Segment part 2
                                                   Segment part 5
           ENTRY                   ADDRESS         REF BY
           =====                   =======         ======
           streambuf::_Lock()      CC46 
    -------------------------------------------------------------------------
<CODE> 1 (was CODE)
  Relative segment, address: CC40 - CC41 (0x2 bytes), align: 1
  Segment part 28.            Intra module refs:   Segment part 2
                                                   Segment part 5
           ENTRY                   ADDRESS         REF BY
           =====                   =======         ======
           streambuf::_Unlock()    CC40 
    -------------------------------------------------------------------------
<CODE> 1 (was CODE)
  Relative segment, address: CB86 - CB95 (0x10 bytes), align: 1
  Segment part 29.            Intra module refs:   __nofilebuf::uflow()
                                                   streambuf::uflow()
           ENTRY                   ADDRESS         REF BY
           =====                   =======         ======
           streambuf::_Gninc()     CB86 
    -------------------------------------------------------------------------
<CODE> 1 (was CODE)
  Relative segment, address: C4F8 - C551 (0x5a bytes), align: 1
  Segment part 17.            Intra module refs:   __sti__routine()
           ENTRY                   ADDRESS         REF BY
           =====                   =======         ======
           streambuf::_Init()      C4F8 
               calls direct
    -------------------------------------------------------------------------
<CODE> 1 (was CODE)
  Relative segment, address: CC2C - CC2F (0x4 bytes), align: 1
  Segment part 30.            Intra module refs:   Segment part 2
           ENTRY                   ADDRESS         REF BY
           =====                   =======         ======
           streambuf::overflow(int)
                                   CC2C 
    -------------------------------------------------------------------------
<CODE> 1 (was CODE)
  Relative segment, address: CC30 - CC33 (0x4 bytes), align: 1
  Segment part 31.            Intra module refs:   Segment part 2
           ENTRY                   ADDRESS         REF BY
           =====                   =======         ======
           streambuf::pbackfail(int)
                                   CC30 
    -------------------------------------------------------------------------
<CODE> 1 (was CODE)
  Relative segment, address: CC34 - CC37 (0x4 bytes), align: 1
  Segment part 32.            Intra module refs:   Segment part 2
                                                   Segment part 5
           ENTRY                   ADDRESS         REF BY
           =====                   =======         ======
           streambuf::showmanyc()
                                   CC34 
    -------------------------------------------------------------------------
<CODE> 1 (was CODE)
  Relative segment, address: CC1C - CC1F (0x4 bytes), align: 1
  Segment part 33.            Intra module refs:   Segment part 2
           ENTRY                   ADDRESS         REF BY
           =====                   =======         ======
           streambuf::underflow()
                                   CC1C 
    -------------------------------------------------------------------------
<CODE> 1 (was CODE)
  Relative segment, address: CA98 - CAB7 (0x20 bytes), align: 1
  Segment part 34.            Intra module refs:   Segment part 2
           ENTRY                   ADDRESS         REF BY
           =====                   =======         ======
           streambuf::uflow()      CA98 
               calls direct and indirect
    -------------------------------------------------------------------------
<CODE> 1 (was CODE)
  Relative segment, address: C368 - C3D1 (0x6a bytes), align: 1
  Segment part 35.            Intra module refs:   Segment part 2
                                                   Segment part 5
           ENTRY                   ADDRESS         REF BY
           =====                   =======         ======
           streambuf::xsgetn(char *, int)
                                   C368 
               calls direct and indirect
    -------------------------------------------------------------------------
<CODE> 1 (was CODE)
  Relative segment, address: C3D2 - C437 (0x66 bytes), align: 1
  Segment part 36.            Intra module refs:   Segment part 2
                                                   Segment part 5
           ENTRY                   ADDRESS         REF BY
           =====                   =======         ======
           streambuf::xsputn(char const *, int)
                                   C3D2 
               calls direct and indirect
    -------------------------------------------------------------------------
<CODE> 1 (was CODE)
  Relative segment, address: C822 - C84B (0x2a bytes), align: 1
  Segment part 37.            Intra module refs:   Segment part 2
                                                   Segment part 5
           ENTRY                   ADDRESS         REF BY
           =====                   =======         ======
           streambuf::seekoff(long, int, int)
                                   C822 
               calls direct
    -------------------------------------------------------------------------
<CODE> 1 (was CODE)
  Relative segment, address: C84C - C875 (0x2a bytes), align: 1
  Segment part 38.            Intra module refs:   Segment part 2
                                                   Segment part 5
           ENTRY                   ADDRESS         REF BY
           =====                   =======         ======
           streambuf::seekpos(streampos, int)
                                   C84C 
               calls direct
    -------------------------------------------------------------------------
<CODE> 1 (was CODE)
  Relative segment, address: CC44 - CC45 (0x2 bytes), align: 1
  Segment part 39.            Intra module refs:   Segment part 2
                                                   Segment part 5
           ENTRY                   ADDRESS         REF BY
           =====                   =======         ======
           streambuf::setbuf(char *, int)
                                   CC44 
    -------------------------------------------------------------------------
<CODE> 1 (was CODE)
  Relative segment, address: CC28 - CC2B (0x4 bytes), align: 1
  Segment part 40.            Intra module refs:   Segment part 2
                                                   Segment part 5
           ENTRY                   ADDRESS         REF BY
           =====                   =======         ======
           streambuf::sync()       CC28 
    -------------------------------------------------------------------------
<CODE> 1 (was CODE)
  Relative segment, address: CC42 - CC43 (0x2 bytes), align: 1
  Segment part 41.            Intra module refs:   Segment part 2
                                                   Segment part 5
           ENTRY                   ADDRESS         REF BY
           =====                   =======         ======
           streambuf::imbue(locale const &)
                                   CC42 
    -------------------------------------------------------------------------
<CODE> 1 (was CODE)
  Relative segment, address: CA14 - CA35 (0x22 bytes), align: 1
  Segment part 23.            Intra module refs:   Segment part 3
                                                   ostream::~ostream()
           ENTRY                   ADDRESS         REF BY
           =====                   =======         ======
           ios::~ios()             CA14 
               calls direct
    -------------------------------------------------------------------------
<CODE> 1 (was CODE)
  Relative segment, address: C670 - C6AF (0x40 bytes), align: 1
  Segment part 16.            Intra module refs:   __sti__routine()
           ENTRY                   ADDRESS         REF BY
           =====                   =======         ======
           ios::init(_Mysb *, bool)
                                   C670 
               calls direct
    -------------------------------------------------------------------------
<CODE> 1 (was CODE)
  Relative segment, address: CA36 - CA57 (0x22 bytes), align: 1
  Segment part 24.            Intra module refs:   <Unnamed 1>
                                                   Segment part 4
           ENTRY                   ADDRESS         REF BY
           =====                   =======         ======
           ostream::~ostream()     CA36 
               calls direct
    -------------------------------------------------------------------------
<CODE> 1 (was CODE)
  Relative segment, address: C9F2 - CA13 (0x22 bytes), align: 1
  Segment part 22.            Intra module refs:   <Unnamed 0>
                                                   Segment part 5
           ENTRY                   ADDRESS         REF BY
           =====                   =======         ======
           __nofilebuf::~__nofilebuf()
                                   C9F2 
               calls direct
    -------------------------------------------------------------------------
<CODE> 1 (was CODE)
  Relative segment, address: C6B0 - C6ED (0x3e bytes), align: 1
  Segment part 42.            Intra module refs:   Segment part 5
           ENTRY                   ADDRESS         REF BY
           =====                   =======         ======
           __nofilebuf::overflow(int)
                                   C6B0 
               calls direct
    -------------------------------------------------------------------------
<CODE> 1 (was CODE)
  Relative segment, address: C5A0 - C5E9 (0x4a bytes), align: 1
  Segment part 43.            Intra module refs:   Segment part 5
           ENTRY                   ADDRESS         REF BY
           =====                   =======         ======
           __nofilebuf::pbackfail(int)
                                   C5A0 
               calls direct
    -------------------------------------------------------------------------
<CODE> 1 (was CODE)
  Relative segment, address: C62E - C66F (0x42 bytes), align: 1
  Segment part 44.            Intra module refs:   Segment part 5
           ENTRY                   ADDRESS         REF BY
           =====                   =======         ======
           __nofilebuf::underflow()
                                   C62E 
               calls indirect
    -------------------------------------------------------------------------
<CODE> 1 (was CODE)
  Relative segment, address: C960 - C985 (0x26 bytes), align: 1
  Segment part 45.            Intra module refs:   Segment part 5
           ENTRY                   ADDRESS         REF BY
           =====                   =======         ======
           __nofilebuf::uflow()    C960 
               calls direct
    -------------------------------------------------------------------------
<CODE> 1 (was CODE)
  Relative segment, address: CC00 - CC05 (0x6 bytes), align: 1
  Segment part 19.            Intra module refs:   Segment part 7
           LOCAL                   ADDRESS         
           =====                   =======         
           <Unnamed 0>             CC00 
               calls direct
    -------------------------------------------------------------------------
DATA16_C
  Relative segment, address: C006 - C023 (0x1e bytes), align: 1
  Segment part 2.             Intra module refs:   __sti__routine()
    -------------------------------------------------------------------------
DATA16_C
  Relative segment, address: C024 - C025 (0x2 bytes), align: 1
  Segment part 3.             Intra module refs:   __sti__routine()
    -------------------------------------------------------------------------
DATA16_C
  Relative segment, address: C026 - C027 (0x2 bytes), align: 1
  Segment part 4.             Intra module refs:   __sti__routine()
    -------------------------------------------------------------------------
DATA16_C
  Relative segment, address: C028 - C045 (0x1e bytes), align: 1
  Segment part 5.             Intra module refs:   __sti__routine()
    -------------------------------------------------------------------------
DATA16_C
  Relative segment, address: C046 - C04B (0x6 bytes), align: 1
  Segment part 7.             Intra module refs:   __sti__routine()
    -------------------------------------------------------------------------
DATA16_Z
  Relative segment, address: 022E - 0253 (0x26 bytes), align: 1
  Segment part 6.             Intra module refs:   Segment part 7
                                                   __sti__routine()
    -------------------------------------------------------------------------
DATA16_Z
  Relative segment, address: 0254 - 0255 (0x2 bytes), align: 1
  Segment part 8.             Intra module refs:   Segment part 7
    -------------------------------------------------------------------------
<CODE> 1 (was CODE)
  Relative segment, address: CC0C - CC11 (0x6 bytes), align: 1
  Segment part 20.            Intra module refs:   Segment part 10
           LOCAL                   ADDRESS         
           =====                   =======         
           <Unnamed 1>             CC0C 
               calls direct
    -------------------------------------------------------------------------
DATA16_C
  Relative segment, address: C04C - C051 (0x6 bytes), align: 1
  Segment part 10.            Intra module refs:   __sti__routine()
    -------------------------------------------------------------------------
DATA16_Z
  Relative segment, address: 0256 - 026F (0x1a bytes), align: 1
  Segment part 9.             Intra module refs:   Segment part 10
                                                   __iar_cout_guard::~__iar_cout_guard()
                                                   __sti__routine()
           ENTRY                   ADDRESS         REF BY
           =====                   =======         ======
           cout                    0256            main (main)
    -------------------------------------------------------------------------
DATA16_Z
  Relative segment, address: 0270 - 0271 (0x2 bytes), align: 1
  Segment part 11.            Intra module refs:   Segment part 10
    -------------------------------------------------------------------------
<CODE> 1 (was CODE)
  Relative segment, address: CBF2 - CBF9 (0x8 bytes), align: 1
  Segment part 46.            Intra module refs:   Segment part 13
           ENTRY                   ADDRESS         REF BY
           =====                   =======         ======
           __iar_cout_guard::~__iar_cout_guard()
                                   CBF2 
               calls direct
    -------------------------------------------------------------------------
DATA16_C
  Relative segment, address: C052 - C057 (0x6 bytes), align: 1
  Segment part 13.            Intra module refs:   __sti__routine()
    -------------------------------------------------------------------------
DATA16_Z
  Relative segment, address: 0289 - 0289 (0x1 bytes), align: 0
  Segment part 12.            Intra module refs:   Segment part 13
    -------------------------------------------------------------------------
DATA16_Z
  Relative segment, address: 0272 - 0273 (0x2 bytes), align: 1
  Segment part 14.            Intra module refs:   Segment part 13
    -------------------------------------------------------------------------
DIFUNCT
  Relative segment, address: C05A - C05D (0x4 bytes), align: 1
  Segment part 15. ROOT 
    -------------------------------------------------------------------------
<CODE> 1 (was CODE)
  Relative segment, address: C49C - C4F7 (0x5c bytes), align: 1
  Segment part 18.            Intra module refs:   Segment part 15
           LOCAL                   ADDRESS         
           =====                   =======         
           __sti__routine()        C49C 
               calls direct

    -------------------------------------------------------------------------
  LIBRARY MODULE, NAME : ?memcpy

  SEGMENTS IN THE MODULE
  ======================
<CODE> 1 (was CODE)
  Relative segment, address: CB00 - CB11 (0x12 bytes), align: 1
  Segment part 2.
           ENTRY                   ADDRESS         REF BY
           =====                   =======         ======
           memcpy                  CB00            __data16_memcpy (?memzero)
                                                   char_traits::copy(char *, char const *, size_t) (?iostream_cout)

    -------------------------------------------------------------------------
  LIBRARY MODULE, NAME : ?CopyMemoryWords

  SEGMENTS IN THE MODULE
  ======================
<CODE> 1 (was CODE)
  Relative segment, address: CB36 - CB45 (0x10 bytes), align: 1
  Segment part 0.
           ENTRY                   ADDRESS         REF BY
           =====                   =======         ======
           ?CopyMemoryWords        CB36            streambuf::seekoff(long, int, int) (?iostream_cout)
                                                   streambuf::seekpos(streampos, int) (?iostream_cout)

    -------------------------------------------------------------------------
  LIBRARY MODULE, NAME : ?memzero

  SEGMENTS IN THE MODULE
  ======================
<CODE> 1 (was CODE)
  Relative segment, address: CB66 - CB75 (0x10 bytes), align: 1
  Segment part 2.
           ENTRY                   ADDRESS         REF BY
           =====                   =======         ======
           __data16_memzero        CB66            ?cstart_init_zero (?cstart)
    -------------------------------------------------------------------------
<CODE> 1 (was CODE)
  Relative segment, address: CC18 - CC1B (0x4 bytes), align: 1
  Segment part 3.
           ENTRY                   ADDRESS         REF BY
           =====                   =======         ======
           __data16_memcpy         CC18            ?cstart_init_copy (?cstart)
               calls direct

    -------------------------------------------------------------------------
  LIBRARY MODULE, NAME : ?new

  SEGMENTS IN THE MODULE
  ======================
DATA16_Z
  Relative segment, address: 0274 - 0275 (0x2 bytes), align: 1
  Segment part 2.
           ENTRY                   ADDRESS         REF BY
           =====                   =======         ======
           __iar_New_hand          0274            operator new(size_t) (?newop_0)

    -------------------------------------------------------------------------
  LIBRARY MODULE, NAME : ?newop_0

  SEGMENTS IN THE MODULE
  ======================
<CODE> 1 (was CODE)
  Relative segment, address: C9AA - C9CD (0x24 bytes), align: 1
  Segment part 2.
           ENTRY                   ADDRESS         REF BY
           =====                   =======         ======
           operator new(size_t)    C9AA            __sti__routine() (?iostream_cout)
                                                   ios_base::_Init() (?ios)
               calls direct and indirect

    -------------------------------------------------------------------------
  LIBRARY MODULE, NAME : ?nomemory

  SEGMENTS IN THE MODULE
  ======================
<CODE> 1 (was CODE)
  Relative segment, address: CC38 - CC3B (0x4 bytes), align: 1
  Segment part 10.
           ENTRY                   ADDRESS         REF BY
           =====                   =======         ======
           _Nomemory()             CC38            operator new(size_t) (?newop_0)
               calls direct

    -------------------------------------------------------------------------
  LIBRARY MODULE, NAME : ?ostream_etc

  SEGMENTS IN THE MODULE
  ======================
<CODE> 1 (was CODE)
  Relative segment, address: CB56 - CB65 (0x10 bytes), align: 1
  Segment part 2.             Intra module refs:   ostream::flush()
           ENTRY                   ADDRESS         REF BY
           =====                   =======         ======
           ios_base::fail() const
                                   CB56 
    -------------------------------------------------------------------------
<CODE> 1 (was CODE)
  Relative segment, address: CBBC - CBC7 (0xc bytes), align: 1
  Segment part 3.             Intra module refs:   Segment part 23
           ENTRY                   ADDRESS         REF BY
           =====                   =======         ======
           ios_base::width(int)    CBBC 
    -------------------------------------------------------------------------
<CODE> 1 (was CODE)
  Relative segment, address: C6EE - C727 (0x3a bytes), align: 1
  Segment part 7.             Intra module refs:   Segment part 29
           ENTRY                   ADDRESS         REF BY
           =====                   =======         ======
           streambuf::sputc(char)
                                   C6EE 
               calls indirect
    -------------------------------------------------------------------------
<CODE> 1 (was CODE)
  Relative segment, address: CAD6 - CAEB (0x16 bytes), align: 1
  Segment part 11.            Intra module refs:   Segment part 25
           ENTRY                   ADDRESS         REF BY
           =====                   =======         ======
           ios::setstate(int, bool)
                                   CAD6 
               calls direct
    -------------------------------------------------------------------------
<CODE> 1 (was CODE)
  Relative segment, address: C552 - C59F (0x4e bytes), align: 1
  Segment part 30.            Intra module refs:   operator<<(ostream &, char)
           ENTRY                   ADDRESS         REF BY
           =====                   =======         ======
           ostream::sentry::sentry(ostream::_Myt &)
                                   C552 
               calls direct and indirect
    -------------------------------------------------------------------------
<CODE> 1 (was CODE)
  Relative segment, address: C89E - C8C5 (0x28 bytes), align: 1
  Segment part 31.            Intra module refs:   Segment part 15
           ENTRY                   ADDRESS         REF BY
           =====                   =======         ======
           ostream::sentry::~sentry()
                                   C89E 
               calls direct and indirect
    -------------------------------------------------------------------------
<CODE> 1 (was CODE)
  Relative segment, address: C1FA - C20B (0x12 bytes), align: 1
  Segment part 15.            Intra module refs:   operator<<(ostream &, char)
    -------------------------------------------------------------------------
<CODE> 1 (was CODE)
  Relative segment, address: C20C - C213 (0x8 bytes), align: 1
  Segment part 23.            Intra module refs:   operator<<(ostream &, char)
    -------------------------------------------------------------------------
<CODE> 1 (was CODE)
  Relative segment, address: C214 - C217 (0x4 bytes), align: 1
  Segment part 24.            Intra module refs:   ostream::flush()
    -------------------------------------------------------------------------
<CODE> 1 (was CODE)
  Relative segment, address: C218 - C21D (0x6 bytes), align: 1
  Segment part 25.            Intra module refs:   Segment part 15
                                                   Segment part 24
    -------------------------------------------------------------------------
<CODE> 1 (was CODE)
  Relative segment, address: C21E - C27F (0x62 bytes), align: 1
  Segment part 26.
           ENTRY                   ADDRESS         REF BY
           =====                   =======         ======
           operator<<(ostream &, char)
                                   C21E            operator<<(ostream &, unsigned char) (main)
               calls direct
    -------------------------------------------------------------------------
<CODE> 1 (was CODE)
  Relative segment, address: CB76 - CB79 (0x4 bytes), align: 1
  Segment part 28.            Intra module refs:   operator<<(ostream &, char)
    -------------------------------------------------------------------------
<CODE> 1 (was CODE)
  Relative segment, address: CB7A - CB85 (0xc bytes), align: 1
  Segment part 29.            Intra module refs:   Segment part 28
                                                   operator<<(ostream &, char)
    -------------------------------------------------------------------------
<CODE> 1 (was CODE)
  Relative segment, address: C7C8 - C7F7 (0x30 bytes), align: 1
  Segment part 12.            Intra module refs:   ostream::sentry::sentry(ostream::_Myt &)
                                                   ostream::sentry::~sentry()
           ENTRY                   ADDRESS         REF BY
           =====                   =======         ======
           ostream::flush()        C7C8            __iar_cout_guard::~__iar_cout_guard() (?iostream_cout)
               calls direct and indirect
    -------------------------------------------------------------------------
<CODE> 1 (was CODE)
  Relative segment, address: CB96 - CBA3 (0xe bytes), align: 1
  Segment part 27.            Intra module refs:   operator<<(ostream &, char)

    -------------------------------------------------------------------------
  LIBRARY MODULE, NAME : ?putchar

  SEGMENTS IN THE MODULE
  ======================
<CODE> 1 (was CODE)
  Relative segment, address: C876 - C89D (0x28 bytes), align: 1
  Segment part 2.
           ENTRY                   ADDRESS         REF BY
           =====                   =======         ======
           putchar                 C876            __nofilebuf::overflow(int) (?iostream_cout)
               calls direct

    -------------------------------------------------------------------------
  LIBRARY MODULE, NAME : ?xgetmemchunk

  SEGMENTS IN THE MODULE
  ======================
<CODE> 1 (was CODE)
  Relative segment, address: CAB8 - CAD5 (0x1e bytes), align: 1
  Segment part 3.
           ENTRY                   ADDRESS         REF BY
           =====                   =======         ======
           __data16_GetMemChunk    CAB8            __data16_findmem (?xxmemxmalloc)
    -------------------------------------------------------------------------
DATA16_Z
  Relative segment, address: 0276 - 0277 (0x2 bytes), align: 1
  Segment part 2.             Intra module refs:   __data16_GetMemChunk
    -------------------------------------------------------------------------
DATA16_HEAP
  Relative segment, address: 028A, align: 1
  Segment part 4.

    -------------------------------------------------------------------------
  LIBRARY MODULE, NAME : ?xxmemxfree

  SEGMENTS IN THE MODULE
  ======================
<CODE> 1 (was CODE)
  Relative segment, address: C174 - C1F9 (0x86 bytes), align: 1
  Segment part 2.
           ENTRY                   ADDRESS         REF BY
           =====                   =======         ======
           __data16_free           C174            __data16_findmem (?xxmemxmalloc)
                                                   operator delete(void *) (?delop_0)

    -------------------------------------------------------------------------
  LIBRARY MODULE, NAME : ?xxmemxmalloc

  SEGMENTS IN THE MODULE
  ======================
DATA16_Z
  Relative segment, address: 0278 - 027B (0x4 bytes), align: 1
  Segment part 2.             Intra module refs:   __data16_findmem
                                                   __data16_malloc
           ENTRY                   ADDRESS         REF BY
           =====                   =======         ======
           __data16_Aldata         0278            __data16_free (?xxmemxfree)
    -------------------------------------------------------------------------
<CODE> 1 (was CODE)
  Relative segment, address: C438 - C49B (0x64 bytes), align: 1
  Segment part 3.             Intra module refs:   __data16_malloc
           LOCAL                   ADDRESS         
           =====                   =======         
           __data16_findmem        C438 
               calls direct
    -------------------------------------------------------------------------
<CODE> 1 (was CODE)
  Relative segment, address: C2FA - C367 (0x6e bytes), align: 1
  Segment part 4.
           ENTRY                   ADDRESS         REF BY
           =====                   =======         ======
           __data16_malloc         C2FA            operator new(size_t) (?newop_0)
               calls direct




                ****************************************
                *                                      *
                *      SEGMENTS IN ADDRESS ORDER       *
                *                                      *
                ****************************************


SEGMENT              SPACE    START ADDRESS   END ADDRESS     SIZE  TYPE  ALIGN
=======              =====    =============   ===========     ====  ====  =====
DATA16_AN                              0020 - 0022               3   rel    0
                                       0026 - 0027               2 
                                       0029 - 002A               2 
                                       0041 - 0041               1 
                                       0060 - 0061               2 
                                       0066 - 0067               2 
                                       0120 - 0121               2 
                                       0160 - 0163               4 
                                       0172 - 0173               2 
DATA16_I                               0200 - 0201               2   rel    1
DATA16_Z                               0202 - 0289              88   rel    1
DATA16_HEAP                            028A - 02D9              50   rel    1
CSTACK                                 03B0 - 03FF              50   rel    1
DATA16_C                               C000 - C057              58   rel    1
DATA16_ID                              C058 - C059               2   rel    1
TLS16_ID                                  C05A                       dse    0
DIFUNCT                                C05A - C05D               4   rel    1
CSTART                                 C05E - C091              34   rel    1
<CODE> 1                               C092 - CC49             BB8   rel    1
INTVEC                                 FFE0 - FFF3              14   com    1
RESET                                  FFFE - FFFF               2   rel    1

                ****************************************
                *                                      *
                *        END OF CROSS REFERENCE        *
                *                                      *
                ****************************************

 3 074 bytes of CODE  memory
   298 bytes of DATA  memory (+ 20 absolute )
    94 bytes of CONST memory

Errors: none
Warnings: none

